// Jest Snapshot v1, https://goo.gl/fbAQLP

exports[`Testing Image Footer Expect Image Footer to match snapshot 1`] = `
<Connect(ImageFooter)
  classes={
    Object {
      "image": "Connect-ImageFooter--image-02",
      "imageBy": "Connect-ImageFooter--imageBy-06",
      "imageFooter": "Connect-ImageFooter--imageFooter-03",
      "imageFooterContent": "Connect-ImageFooter--imageFooterContent-04",
      "imageName": "Connect-ImageFooter--imageName-05",
      "imageView": "Connect-ImageFooter--imageView-01",
    }
  }
  imageInfo={
    Object {
      "comments": Object {
        "_content": "612",
      },
      "dates": Object {
        "lastupdate": "1537079823",
        "posted": "1454423486",
        "taken": "2016-01-05 09:13:59",
        "takengranularity": "0",
        "takenunknown": "0",
      },
      "dateuploaded": "1454423486",
      "description": Object {
        "_content": "Haukilahti, Espoo, Finland
    
    Shot with Panasonic DMC-LX100, processed with Lightroom CC 2015.",
      },
      "editability": Object {
        "canaddmeta": 0,
        "cancomment": 0,
      },
      "farm": 2,
      "geoperms": Object {
        "iscontact": 0,
        "isfamily": 0,
        "isfriend": 0,
        "ispublic": 1,
      },
      "id": "24679948091",
      "isfavorite": 0,
      "license": "0",
      "location": Object {
        "accuracy": "16",
        "context": "0",
        "country": Object {
          "_content": "Finland",
          "place_id": "5ryEXkVTUb66Tnx33g",
          "woeid": "23424812",
        },
        "county": Object {
          "_content": "Helsingin",
          "place_id": "paE.WWFUVLvDkOxqOA",
          "woeid": "56120851",
        },
        "latitude": "60.154233",
        "locality": Object {
          "_content": "Espoo",
          "place_id": "0dYvnjJUVL7l.nI",
          "woeid": "564617",
        },
        "longitude": "24.776336",
        "place_id": "0dYvnjJUVL7l.nI",
        "region": Object {
          "_content": "Uusimaa",
          "place_id": "_7C9msNTW7n35YTFQQ",
          "woeid": "29389247",
        },
        "woeid": "564617",
      },
      "media": "photo",
      "notes": Object {
        "note": Array [
          Object {
            "_content": "winter",
            "author": "62118446@N03",
            "authorisdeleted": 0,
            "authorispro": 1,
            "authorname": "cbrutel",
            "authorrealname": "Christophe Brutel",
            "h": "27",
            "id": "72157664079284881",
            "photo_id": "24679948091",
            "w": "27",
            "x": "212",
            "y": "8",
          },
          Object {
            "_content": "swan",
            "author": "62118446@N03",
            "authorisdeleted": 0,
            "authorispro": 1,
            "authorname": "cbrutel",
            "authorrealname": "Christophe Brutel",
            "h": "27",
            "id": "72157663534634689",
            "photo_id": "24679948091",
            "w": "27",
            "x": "262",
            "y": "8",
          },
          Object {
            "_content": "Finland",
            "author": "62118446@N03",
            "authorisdeleted": 0,
            "authorispro": 1,
            "authorname": "cbrutel",
            "authorrealname": "Christophe Brutel",
            "h": "27",
            "id": "72157664047992672",
            "photo_id": "24679948091",
            "w": "27",
            "x": "262",
            "y": "40",
          },
          Object {
            "_content": "Espoo",
            "author": "62118446@N03",
            "authorisdeleted": 0,
            "authorispro": 1,
            "authorname": "cbrutel",
            "authorrealname": "Christophe Brutel",
            "h": "27",
            "id": "72157661906899043",
            "photo_id": "24679948091",
            "w": "27",
            "x": "212",
            "y": "40",
          },
          Object {
            "_content": "ice",
            "author": "62118446@N03",
            "authorisdeleted": 0,
            "authorispro": 1,
            "authorname": "cbrutel",
            "authorrealname": "Christophe Brutel",
            "h": "27",
            "id": "72157664176344186",
            "photo_id": "24679948091",
            "w": "27",
            "x": "212",
            "y": "70",
          },
          Object {
            "_content": "Baltic",
            "author": "62118446@N03",
            "authorisdeleted": 0,
            "authorispro": 1,
            "authorname": "cbrutel",
            "authorrealname": "Christophe Brutel",
            "h": "27",
            "id": "72157664079307221",
            "photo_id": "24679948091",
            "w": "27",
            "x": "262",
            "y": "70",
          },
        ],
      },
      "owner": Object {
        "iconfarm": 8,
        "iconserver": "7226",
        "location": "Espoo, Finland",
        "nsid": "62118446@N03",
        "path_alias": "christophebrutel",
        "realname": "Christophe Brutel",
        "username": "cbrutel",
      },
      "people": Object {
        "haspeople": 0,
      },
      "publiceditability": Object {
        "canaddmeta": 0,
        "cancomment": 1,
      },
      "rotation": 0,
      "safety_level": "0",
      "secret": "dd3e3f117f",
      "server": "1671",
      "tags": Object {
        "tag": Array [
          Object {
            "_content": "aube",
            "author": "62118446@N03",
            "authorname": "cbrutel",
            "id": "62095392-24679948091-267406",
            "machine_tag": false,
            "raw": "Aube",
          },
          Object {
            "_content": "baltic",
            "author": "62118446@N03",
            "authorname": "cbrutel",
            "id": "62095392-24679948091-9837",
            "machine_tag": false,
            "raw": "Baltic",
          },
          Object {
            "_content": "baltique",
            "author": "62118446@N03",
            "authorname": "cbrutel",
            "id": "62095392-24679948091-433049",
            "machine_tag": false,
            "raw": "Baltique",
          },
          Object {
            "_content": "bird",
            "author": "62118446@N03",
            "authorname": "cbrutel",
            "id": "62095392-24679948091-594",
            "machine_tag": 0,
            "raw": "Bird",
          },
          Object {
            "_content": "brume",
            "author": "62118446@N03",
            "authorname": "cbrutel",
            "id": "62095392-24679948091-87231",
            "machine_tag": 0,
            "raw": "Brume",
          },
          Object {
            "_content": "cygne",
            "author": "62118446@N03",
            "authorname": "cbrutel",
            "id": "62095392-24679948091-64137",
            "machine_tag": 0,
            "raw": "Cygne",
          },
          Object {
            "_content": "cygnetubercule",
            "author": "62118446@N03",
            "authorname": "cbrutel",
            "id": "62095392-24679948091-45578685",
            "machine_tag": 0,
            "raw": "Cygne tubercule",
          },
          Object {
            "_content": "dawn",
            "author": "62118446@N03",
            "authorname": "cbrutel",
            "id": "62095392-24679948091-1998",
            "machine_tag": false,
            "raw": "Dawn",
          },
          Object {
            "_content": "espoo",
            "author": "62118446@N03",
            "authorname": "cbrutel",
            "id": "62095392-24679948091-1430",
            "machine_tag": false,
            "raw": "Espoo",
          },
          Object {
            "_content": "finland",
            "author": "62118446@N03",
            "authorname": "cbrutel",
            "id": "62095392-24679948091-1436",
            "machine_tag": false,
            "raw": "Finland",
          },
          Object {
            "_content": "frost",
            "author": "62118446@N03",
            "authorname": "cbrutel",
            "id": "62095392-24679948091-3342",
            "machine_tag": 0,
            "raw": "Frost",
          },
          Object {
            "_content": "frozen",
            "author": "62118446@N03",
            "authorname": "cbrutel",
            "id": "62095392-24679948091-2284",
            "machine_tag": 0,
            "raw": "Frozen",
          },
          Object {
            "_content": "gel",
            "author": "62118446@N03",
            "authorname": "cbrutel",
            "id": "62095392-24679948091-50693",
            "machine_tag": 0,
            "raw": "Gel",
          },
          Object {
            "_content": "glace",
            "author": "62118446@N03",
            "authorname": "cbrutel",
            "id": "62095392-24679948091-96972",
            "machine_tag": false,
            "raw": "Glace",
          },
          Object {
            "_content": "haukilahti",
            "author": "62118446@N03",
            "authorname": "cbrutel",
            "id": "62095392-24679948091-2302284",
            "machine_tag": false,
            "raw": "Haukilahti",
          },
          Object {
            "_content": "hiver",
            "author": "62118446@N03",
            "authorname": "cbrutel",
            "id": "62095392-24679948091-6074",
            "machine_tag": false,
            "raw": "Hiver",
          },
          Object {
            "_content": "ice",
            "author": "62118446@N03",
            "authorname": "cbrutel",
            "id": "62095392-24679948091-682",
            "machine_tag": false,
            "raw": "Ice",
          },
          Object {
            "_content": "leica",
            "author": "62118446@N03",
            "authorname": "cbrutel",
            "id": "62095392-24679948091-96",
            "machine_tag": false,
            "raw": "Leica",
          },
          Object {
            "_content": "leverdesoleil",
            "author": "62118446@N03",
            "authorname": "cbrutel",
            "id": "62095392-24679948091-134742",
            "machine_tag": false,
            "raw": "Lever de Soleil",
          },
          Object {
            "_content": "mer",
            "author": "62118446@N03",
            "authorname": "cbrutel",
            "id": "62095392-24679948091-381",
            "machine_tag": false,
            "raw": "Mer",
          },
          Object {
            "_content": "mist",
            "author": "62118446@N03",
            "authorname": "cbrutel",
            "id": "62095392-24679948091-398",
            "machine_tag": 0,
            "raw": "Mist",
          },
          Object {
            "_content": "muteswan",
            "author": "62118446@N03",
            "authorname": "cbrutel",
            "id": "62095392-24679948091-155961",
            "machine_tag": 0,
            "raw": "Mute swan",
          },
          Object {
            "_content": "oiseau",
            "author": "62118446@N03",
            "authorname": "cbrutel",
            "id": "62095392-24679948091-52410",
            "machine_tag": 0,
            "raw": "Oiseau",
          },
          Object {
            "_content": "panasonic",
            "author": "62118446@N03",
            "authorname": "cbrutel",
            "id": "62095392-24679948091-11243",
            "machine_tag": false,
            "raw": "Panasonic",
          },
          Object {
            "_content": "sea",
            "author": "62118446@N03",
            "authorname": "cbrutel",
            "id": "62095392-24679948091-228",
            "machine_tag": false,
            "raw": "Sea",
          },
          Object {
            "_content": "sunrise",
            "author": "62118446@N03",
            "authorname": "cbrutel",
            "id": "62095392-24679948091-1370",
            "machine_tag": false,
            "raw": "Sunrise",
          },
          Object {
            "_content": "swan",
            "author": "62118446@N03",
            "authorname": "cbrutel",
            "id": "62095392-24679948091-2752",
            "machine_tag": 0,
            "raw": "Swan",
          },
          Object {
            "_content": "winter",
            "author": "62118446@N03",
            "authorname": "cbrutel",
            "id": "62095392-24679948091-201",
            "machine_tag": false,
            "raw": "Winter",
          },
          Object {
            "_content": "lx100",
            "author": "62118446@N03",
            "authorname": "cbrutel",
            "id": "62095392-24679948091-9993892",
            "machine_tag": false,
            "raw": "lx100",
          },
          Object {
            "_content": "2016",
            "author": "62118446@N03",
            "authorname": "cbrutel",
            "id": "62095392-24679948091-392175",
            "machine_tag": false,
            "raw": "2016",
          },
          Object {
            "_content": "january",
            "author": "62118446@N03",
            "authorname": "cbrutel",
            "id": "62095392-24679948091-7328",
            "machine_tag": false,
            "raw": "january",
          },
          Object {
            "_content": "travel",
            "author": "62118446@N03",
            "authorname": "cbrutel",
            "id": "62095392-24679948091-121",
            "machine_tag": false,
            "raw": "travel",
          },
          Object {
            "_content": "nature",
            "author": "62118446@N03",
            "authorname": "cbrutel",
            "id": "62095392-24679948091-791",
            "machine_tag": false,
            "raw": "nature",
          },
          Object {
            "_content": "europe",
            "author": "62118446@N03",
            "authorname": "cbrutel",
            "id": "62095392-24679948091-3272",
            "machine_tag": false,
            "raw": "europe",
          },
          Object {
            "_content": "color",
            "author": "62118446@N03",
            "authorname": "cbrutel",
            "id": "62095392-24679948091-544",
            "machine_tag": false,
            "raw": "color",
          },
          Object {
            "_content": "colour",
            "author": "62118446@N03",
            "authorname": "cbrutel",
            "id": "62095392-24679948091-545",
            "machine_tag": false,
            "raw": "colour",
          },
          Object {
            "_content": "photo",
            "author": "62118446@N03",
            "authorname": "cbrutel",
            "id": "62095392-24679948091-2326",
            "machine_tag": false,
            "raw": "photo",
          },
          Object {
            "_content": "photos",
            "author": "62118446@N03",
            "authorname": "cbrutel",
            "id": "62095392-24679948091-4634",
            "machine_tag": false,
            "raw": "photos",
          },
          Object {
            "_content": "photography",
            "author": "62118446@N03",
            "authorname": "cbrutel",
            "id": "62095392-24679948091-1935",
            "machine_tag": false,
            "raw": "photography",
          },
          Object {
            "_content": "raw",
            "author": "62118446@N03",
            "authorname": "cbrutel",
            "id": "62095392-24679948091-3444",
            "machine_tag": false,
            "raw": "raw",
          },
          Object {
            "_content": "landscape",
            "author": "62118446@N03",
            "authorname": "cbrutel",
            "id": "62095392-24679948091-1695",
            "machine_tag": 0,
            "raw": "landscape",
          },
          Object {
            "_content": "seascape",
            "author": "62118446@N03",
            "authorname": "cbrutel",
            "id": "62095392-24679948091-441",
            "machine_tag": false,
            "raw": "seascape",
          },
          Object {
            "_content": "waterscape",
            "author": "62118446@N03",
            "authorname": "cbrutel",
            "id": "62095392-24679948091-168898",
            "machine_tag": false,
            "raw": "waterscape",
          },
          Object {
            "_content": "water",
            "author": "62118446@N03",
            "authorname": "cbrutel",
            "id": "62095392-24679948091-800",
            "machine_tag": false,
            "raw": "water",
          },
          Object {
            "_content": "outdoor",
            "author": "62118446@N03",
            "authorname": "cbrutel",
            "id": "62095392-24679948091-4890",
            "machine_tag": false,
            "raw": "outdoor",
          },
          Object {
            "_content": "explored",
            "author": "62118446@N03",
            "authorname": "cbrutel",
            "id": "62095392-24679948091-2077205",
            "machine_tag": false,
            "raw": "explored",
          },
          Object {
            "_content": "explore",
            "author": "62118446@N03",
            "authorname": "cbrutel",
            "id": "62095392-24679948091-11820",
            "machine_tag": false,
            "raw": "explore",
          },
        ],
      },
      "title": Object {
        "_content": "Braving the cold",
      },
      "urls": Object {
        "url": Array [
          Object {
            "_content": "https://www.flickr.com/photos/christophebrutel/24679948091/",
            "type": "photopage",
          },
        ],
      },
      "usage": Object {
        "canblog": 0,
        "candownload": 0,
        "canprint": 0,
        "canshare": 0,
      },
      "views": "4429063",
      "visibility": Object {
        "isfamily": 0,
        "isfriend": 0,
        "ispublic": 1,
      },
    }
  }
  store={
    Object {
      "clearActions": [Function],
      "dispatch": [Function],
      "getActions": [Function],
      "getState": [Function],
      "replaceReducer": [Function],
      "subscribe": [Function],
    }
  }
/>
`;
